This is pdfTeX, Version 3.141592653-2.6-1.40.28 (MiKTeX 25.12) (preloaded format=pdflatex 2026.4.29)  11 JUN 2026 21:25
entering extended mode
 restricted \write18 enabled.
 %&-line parsing enabled.
**./supplementary_appendix.tex
(supplementary_appendix.tex
LaTeX2e <2025-11-01>
L3 programming layer <2025-12-24>
(C:\Users\EPIC\AppData\Local\Programs\MiKTeX\tex/latex/base\article.cls
Document Class: article 2025/01/22 v1.4n Standard LaTeX document class
(C:\Users\EPIC\AppData\Local\Programs\MiKTeX\tex/latex/base\size10.clo
File: size10.clo 2025/01/22 v1.4n Standard LaTeX file (size option)
)
\c@part=\count275
\c@section=\count276
\c@subsection=\count277
\c@subsubsection=\count278
\c@paragraph=\count279
\c@subparagraph=\count280
\c@figure=\count281
\c@table=\count282
\abovecaptionskip=\skip49
\belowcaptionskip=\skip50
\bibindent=\dimen148
)
(C:\Users\EPIC\AppData\Local\Programs\MiKTeX\tex/latex/psnfss\times.sty
Package: times 2020/03/25 PSNFSS-v9.3 (SPQR) 
)
(C:\Users\EPIC\AppData\Local\Programs\MiKTeX\tex/latex/psnfss\helvet.sty
Package: helvet 2020/03/25 PSNFSS-v9.3 (WaS) 

(C:\Users\EPIC\AppData\Local\Programs\MiKTeX\tex/latex/graphics\keyval.sty
Package: keyval 2022/05/29 v1.15 key=value parser (DPC)
\KV@toks@=\toks17
))
(C:\Users\EPIC\AppData\Local\Programs\MiKTeX\tex/latex/psnfss\courier.sty
Package: courier 2020/03/25 PSNFSS-v9.3 (WaS) 
)
(C:\Users\EPIC\AppData\Local\Programs\MiKTeX\tex/latex/url\url.sty
\Urlmuskip=\muskip17
Package: url 2013/09/16  ver 3.4  Verb mode for urls, etc.
)
(C:\Users\EPIC\AppData\Local\Programs\MiKTeX\tex/latex/graphics\graphicx.sty
Package: graphicx 2024/12/31 v1.2e Enhanced LaTeX Graphics (DPC,SPQR)

(C:\Users\EPIC\AppData\Local\Programs\MiKTeX\tex/latex/graphics\graphics.sty
Package: graphics 2024/08/06 v1.4g Standard LaTeX Graphics (DPC,SPQR)

(C:\Users\EPIC\AppData\Local\Programs\MiKTeX\tex/latex/graphics\trig.sty
Package: trig 2023/12/02 v1.11 sin cos tan (DPC)
)
(C:\Users\EPIC\AppData\Local\Programs\MiKTeX\tex/latex/graphics-cfg\graphics.cf
g
File: graphics.cfg 2016/06/04 v1.11 sample graphics configuration
)
Package graphics Info: Driver file: pdftex.def on input line 106.

(C:\Users\EPIC\AppData\Local\Programs\MiKTeX\tex/latex/graphics-def\pdftex.def
File: pdftex.def 2025/09/29 v1.2d Graphics/color driver for pdftex
))
\Gin@req@height=\dimen149
\Gin@req@width=\dimen150
) (C:\Users\EPIC\AppData\Local\Programs\MiKTeX\tex/latex/booktabs\booktabs.sty
Package: booktabs 2020/01/12 v1.61803398 Publication quality tables
\heavyrulewidth=\dimen151
\lightrulewidth=\dimen152
\cmidrulewidth=\dimen153
\belowrulesep=\dimen154
\belowbottomsep=\dimen155
\aboverulesep=\dimen156
\abovetopsep=\dimen157
\cmidrulesep=\dimen158
\cmidrulekern=\dimen159
\defaultaddspace=\dimen160
\@cmidla=\count283
\@cmidlb=\count284
\@aboverulesep=\dimen161
\@belowrulesep=\dimen162
\@thisruleclass=\count285
\@lastruleclass=\count286
\@thisrulewidth=\dimen163
) (C:\Users\EPIC\AppData\Local\Programs\MiKTeX\tex/latex/amsmath\amsmath.sty
Package: amsmath 2025/07/09 v2.17z AMS math features
\@mathmargin=\skip51

For additional information on amsmath, use the `?' option.
(C:\Users\EPIC\AppData\Local\Programs\MiKTeX\tex/latex/amsmath\amstext.sty
Package: amstext 2024/11/17 v2.01 AMS text

(C:\Users\EPIC\AppData\Local\Programs\MiKTeX\tex/latex/amsmath\amsgen.sty
File: amsgen.sty 1999/11/30 v2.0 generic functions
\@emptytoks=\toks18
\ex@=\dimen164
))
(C:\Users\EPIC\AppData\Local\Programs\MiKTeX\tex/latex/amsmath\amsbsy.sty
Package: amsbsy 1999/11/29 v1.2d Bold Symbols
\pmbraise@=\dimen165
)
(C:\Users\EPIC\AppData\Local\Programs\MiKTeX\tex/latex/amsmath\amsopn.sty
Package: amsopn 2022/04/08 v2.04 operator names
)
\inf@bad=\count287
LaTeX Info: Redefining \frac on input line 233.
\uproot@=\count288
\leftroot@=\count289
LaTeX Info: Redefining \overline on input line 398.
LaTeX Info: Redefining \colon on input line 409.
\classnum@=\count290
\DOTSCASE@=\count291
LaTeX Info: Redefining \ldots on input line 495.
LaTeX Info: Redefining \dots on input line 498.
LaTeX Info: Redefining \cdots on input line 619.
\Mathstrutbox@=\box53
\strutbox@=\box54
LaTeX Info: Redefining \big on input line 721.
LaTeX Info: Redefining \Big on input line 722.
LaTeX Info: Redefining \bigg on input line 723.
LaTeX Info: Redefining \Bigg on input line 724.
\big@size=\dimen166
LaTeX Font Info:    Redeclaring font encoding OML on input line 742.
LaTeX Font Info:    Redeclaring font encoding OMS on input line 743.
\macc@depth=\count292
LaTeX Info: Redefining \bmod on input line 904.
LaTeX Info: Redefining \pmod on input line 909.
LaTeX Info: Redefining \smash on input line 939.
LaTeX Info: Redefining \relbar on input line 969.
LaTeX Info: Redefining \Relbar on input line 970.
\c@MaxMatrixCols=\count293
\dotsspace@=\muskip18
\c@parentequation=\count294
\dspbrk@lvl=\count295
\tag@help=\toks19
\row@=\count296
\column@=\count297
\maxfields@=\count298
\andhelp@=\toks20
\eqnshift@=\dimen167
\alignsep@=\dimen168
\tagshift@=\dimen169
\tagwidth@=\dimen170
\totwidth@=\dimen171
\lineht@=\dimen172
\@envbody=\toks21
\multlinegap=\skip52
\multlinetaggap=\skip53
\mathdisplay@stack=\toks22
LaTeX Info: Redefining \[ on input line 2950.
LaTeX Info: Redefining \] on input line 2951.
)
(C:\Users\EPIC\AppData\Local\Programs\MiKTeX\tex/latex/amsfonts\amssymb.sty
Package: amssymb 2013/01/14 v3.01 AMS font symbols

(C:\Users\EPIC\AppData\Local\Programs\MiKTeX\tex/latex/amsfonts\amsfonts.sty
Package: amsfonts 2013/01/14 v3.01 Basic AMSFonts support
\symAMSa=\mathgroup4
\symAMSb=\mathgroup5
LaTeX Font Info:    Redeclaring math symbol \hbar on input line 98.
LaTeX Font Info:    Overwriting math alphabet `\mathfrak' in version `bold'
(Font)                  U/euf/m/n --> U/euf/b/n on input line 106.
))
(C:\Users\EPIC\AppData\Local\Programs\MiKTeX\tex/latex/listings\listings.sty
\lst@mode=\count299
\lst@gtempboxa=\box55
\lst@token=\toks23
\lst@length=\count300
\lst@currlwidth=\dimen173
\lst@column=\count301
\lst@pos=\count302
\lst@lostspace=\dimen174
\lst@width=\dimen175
\lst@newlines=\count303
\lst@lineno=\count304
\lst@maxwidth=\dimen176

(C:\Users\EPIC\AppData\Local\Programs\MiKTeX\tex/latex/listings\lstpatch.sty
File: lstpatch.sty 2025/11/14 1.11b (Carsten Heinz)
)
(C:\Users\EPIC\AppData\Local\Programs\MiKTeX\tex/latex/listings\lstmisc.sty
File: lstmisc.sty 2025/11/14 1.11b (Carsten Heinz)
\c@lstnumber=\count305
\lst@skipnumbers=\count306
\lst@framebox=\box56
)
(C:\Users\EPIC\AppData\Local\Programs\MiKTeX\tex/latex/listings\listings.cfg
File: listings.cfg 2025/11/14 1.11b listings configuration
))
Package: listings 2025/11/14 1.11b (Carsten Heinz)

==> First Aid for listings.sty no longer applied!
    Expected:
        2024/09/23 1.10c (Carsten Heinz)
    but found:
        2025/11/14 1.11b (Carsten Heinz)
    so I'm assuming it got fixed.
LaTeX Font Info:    Trying to load font information for OT1+ptm on input line 2
5.
(C:\Users\EPIC\AppData\Local\Programs\MiKTeX\tex/latex/psnfss\ot1ptm.fd
File: ot1ptm.fd 2001/06/04 font definitions for OT1/ptm.
)
(C:\Users\EPIC\AppData\Local\Programs\MiKTeX\tex/latex/l3backend\l3backend-pdft
ex.def
File: l3backend-pdftex.def 2025-10-09 L3 backend support: PDF output (pdfTeX)
\l__color_backend_stack_int=\count307
) (supplementary_appendix.aux)
\openout1 = `supplementary_appendix.aux'.

LaTeX Font Info:    Checking defaults for OML/cmm/m/it on input line 25.
LaTeX Font Info:    ... okay on input line 25.
LaTeX Font Info:    Checking defaults for OMS/cmsy/m/n on input line 25.
LaTeX Font Info:    ... okay on input line 25.
LaTeX Font Info:    Checking defaults for OT1/cmr/m/n on input line 25.
LaTeX Font Info:    ... okay on input line 25.
LaTeX Font Info:    Checking defaults for T1/cmr/m/n on input line 25.
LaTeX Font Info:    ... okay on input line 25.
LaTeX Font Info:    Checking defaults for TS1/cmr/m/n on input line 25.
LaTeX Font Info:    ... okay on input line 25.
LaTeX Font Info:    Checking defaults for OMX/cmex/m/n on input line 25.
LaTeX Font Info:    ... okay on input line 25.
LaTeX Font Info:    Checking defaults for U/cmr/m/n on input line 25.
LaTeX Font Info:    ... okay on input line 25.

(C:\Users\EPIC\AppData\Local\Programs\MiKTeX\tex/context/base/mkii\supp-pdf.mki
i
[Loading MPS to PDF converter (version 2006.09.02).]
\scratchcounter=\count308
\scratchdimen=\dimen177
\scratchbox=\box57
\nofMPsegments=\count309
\nofMParguments=\count310
\everyMPshowfont=\toks24
\MPscratchCnt=\count311
\MPscratchDim=\dimen178
\MPnumerator=\count312
\makeMPintoPDFobject=\count313
\everyMPtoPDFconversion=\toks25
)
(C:\Users\EPIC\AppData\Local\Programs\MiKTeX\tex/latex/epstopdf-pkg\epstopdf-ba
se.sty
Package: epstopdf-base 2020-01-24 v2.11 Base part for package epstopdf
Package epstopdf-base Info: Redefining graphics rule for `.eps' on input line 4
85.

(C:\Users\EPIC\AppData\Local\Programs\MiKTeX\tex/latex/00miktex\epstopdf-sys.cf
g
File: epstopdf-sys.cfg 2021/03/18 v2.0 Configuration of epstopdf for MiKTeX
))
\c@lstlisting=\count314
LaTeX Font Info:    Trying to load font information for U+msa on input line 27.

 (C:\Users\EPIC\AppData\Local\Programs\MiKTeX\tex/latex/amsfonts\umsa.fd
File: umsa.fd 2013/01/14 v3.01 AMS symbols A
)
LaTeX Font Info:    Trying to load font information for U+msb on input line 27.


(C:\Users\EPIC\AppData\Local\Programs\MiKTeX\tex/latex/amsfonts\umsb.fd
File: umsb.fd 2013/01/14 v3.01 AMS symbols B
)
[1

{C:/Users/EPIC/AppData/Local/MiKTeX/fonts/map/pdftex/pdftex.map}{C:/Users/EPIC/
AppData/Local/Programs/MiKTeX/fonts/enc/dvips/base/8r.enc}]
Overfull \hbox (11.18791pt too wide) in paragraph at lines 61--63
[]\OT1/ptm/m/n/10 Run $\OML/cmm/m/it/10 k$ \OT1/ptm/m/n/10 dis-cov-ery agents w
ith-out shared in-ter-me-di-ate an-swers, pro-duc-ing $\OML/cmm/m/it/10 Y[]; []
 ; Y[]$\OT1/ptm/m/n/10 . 
 []

LaTeX Font Info:    Trying to load font information for OT1+pcr on input line 1
01.
(C:\Users\EPIC\AppData\Local\Programs\MiKTeX\tex/latex/psnfss\ot1pcr.fd
File: ot1pcr.fd 2001/06/04 font definitions for OT1/pcr.
)
Overfull \hbox (16.6176pt too wide) in paragraph at lines 100--104
\OT1/ptm/m/n/10 Each task uses a bounded source snap-shot and a re-leased or-a-
cle file un-der $\OT1/pcr/m/n/10 experiments /
 []


Overfull \hbox (49.92154pt too wide) in paragraph at lines 108--120
 [][] 
 []


LaTeX Warning: `h' float specifier changed to `ht'.

[2]
Overfull \hbox (5.67798pt too wide) in paragraph at lines 134--138
\OT1/ptm/m/n/10 side the bounded task snap-shot. For T3 and T4, or-a-cle files 
in-clude an \OT1/pcr/m/n/10 oracle[]policy
 []

[3] [4]
Overfull \hbox (36.93716pt too wide) in paragraph at lines 239--246
\OT1/ptm/m/n/10 The v2 au-dit reads the frozen of-fline di-ag-nos-tic ta-ble an
d writes new out-puts to $\OT1/pcr/m/n/10 experiments /
 []


Overfull \hbox (3.1185pt too wide) in paragraph at lines 267--275
\OT1/ptm/m/n/10 from the main pa-per. Out-puts are stored in $\OT1/pcr/m/n/10 e
xperiments / false _ convergence _
 []


Overfull \hbox (15.0pt too wide) in paragraph at lines 267--275
\OT1/pcr/m/n/10 audit _ controller / T5 _ requests _ tls / audit _ policy _ eva
l / MANIFEST .
 []

[5]
Overfull \hbox (13.96812pt too wide) in paragraph at lines 313--322
[]\OT1/ptm/m/n/10 The full per-seed/per-condition logs are stored in $\OT1/pcr/
m/n/10 audit _ policy _ eval / ONLINE _
 []


Overfull \hbox (3.23999pt too wide) in paragraph at lines 313--322
\OT1/pcr/m/n/10 AUDIT _ POLICY _ RESULTS . csv$ \OT1/ptm/m/n/10 and $\OT1/pcr/m
/n/10 audit _ policy _ eval / ONLINE _ AUDIT _
 []


Overfull \hbox (4.11879pt too wide) in paragraph at lines 313--322
\OT1/pcr/m/n/10 POLICY _ RESULTS . md$\OT1/ptm/m/n/10 . Discovery-grid means ar
e stored in $\OT1/pcr/m/n/10 ONLINE _ DISCOVERY _
 []


Overfull \hbox (2.83618pt too wide) in paragraph at lines 325--331
\OT1/ptm/m/n/10 con-sen-sus, sin-gle-ton ver-i-fi-ca-tion, source-partitioned r
e-view when sin-gle-ton mass/source
 []


LaTeX Warning: `h' float specifier changed to `ht'.


Overfull \hbox (1.46643pt too wide) in paragraph at lines 353--356
\OT1/ptm/m/n/10 staged con-troller im-proves recall--cost trade-off while pre-s
erv-ing ab-sten-tion when source
 []


Overfull \hbox (5.98642pt too wide) in paragraph at lines 359--364
\OT1/ptm/m/n/10 The Seek-er-Gym lo-cal check-out/schema is not present, so no b
ench-mark re-sult is claimed.
 []


Overfull \hbox (28.81876pt too wide) in paragraph at lines 359--364
\OT1/ptm/m/n/10 The man-i-fest is stored at $\OT1/pcr/m/n/10 experiments / fals
e _ convergence _ pilot / benchmark _
 []

[6]
<../../experiments/false_convergence_pilot/v2_outputs/figures/v2_calibration_cu
rve_v1_proxy.png, id=28, 361.35pt x 361.35pt>
File: ../../experiments/false_convergence_pilot/v2_outputs/figures/v2_calibrati
on_curve_v1_proxy.png Graphic file (type png)
<use ../../experiments/false_convergence_pilot/v2_outputs/figures/v2_calibratio
n_curve_v1_proxy.png>
Package pdftex.def Info: ../../experiments/false_convergence_pilot/v2_outputs/f
igures/v2_calibration_curve_v1_proxy.png  used on input line 369.
(pdftex.def)             Requested size: 276.00105pt x 276.00177pt.


LaTeX Warning: `h' float specifier changed to `ht'.

[7] [8 <../../experiments/false_convergence_pilot/v2_outputs/figures/v2_calibra
tion_curve_v1_proxy.png>] (supplementary_appendix.aux)
 ***********
LaTeX2e <2025-11-01>
L3 programming layer <2025-12-24>
 ***********
 ) 
Here is how much of TeX's memory you used:
 4494 strings out of 467871
 65174 string characters out of 5418860
 489391 words of memory out of 5000000
 33321 multiletter control sequences out of 15000+600000
 652181 words of font info for 96 fonts, out of 8000000 for 9000
 1141 hyphenation exceptions out of 8191
 57i,9n,65p,427b,1048s stack positions out of 10000i,1000n,20000p,200000b,200000s
<C:/Users/EPIC/AppData/Local/Programs/MiKTeX/fonts/type1/public/amsfonts/cm/c
mmi10.pfb><C:/Users/EPIC/AppData/Local/Programs/MiKTeX/fonts/type1/public/amsfo
nts/cm/cmmi7.pfb><C:/Users/EPIC/AppData/Local/Programs/MiKTeX/fonts/type1/publi
c/amsfonts/cm/cmr10.pfb><C:/Users/EPIC/AppData/Local/Programs/MiKTeX/fonts/type
1/public/amsfonts/cm/cmr7.pfb><C:/Users/EPIC/AppData/Local/Programs/MiKTeX/font
s/type1/public/amsfonts/cm/cmsy10.pfb><C:/Users/EPIC/AppData/Local/Programs/MiK
TeX/fonts/type1/urw/courier/ucrr8a.pfb><C:/Users/EPIC/AppData/Local/Programs/Mi
KTeX/fonts/type1/urw/times/utmb8a.pfb><C:/Users/EPIC/AppData/Local/Programs/MiK
TeX/fonts/type1/urw/times/utmr8a.pfb>
Output written on supplementary_appendix.pdf (8 pages, 161030 bytes).
PDF statistics:
 73 PDF objects out of 1000 (max. 8388607)
 0 named destinations out of 1000 (max. 500000)
 6 words of extra memory for PDF output out of 10000 (max. 10000000)

